// Jest Snapshot v1, https://goo.gl/fbAQLP

exports[`<ProductDetails /> should render properly 1`] = `
<View
  style={
    Object {
      "alignItems": "center",
      "backgroundColor": "rgba(225, 226, 225, 1.00)",
      "flex": 1,
      "justifyContent": "center",
    }
  }
>
  <Text
    style={
      Object {
        "fontSize": 20,
        "margin": 10,
        "textAlign": "center",
      }
    }
  >
    Vinho Nederburg Ros√©
    !
  </Text>
</View>
`;
